// Jest Snapshot v1, https://goo.gl/fbAQLP

exports[`tests in  <RealExampleRef /> should render correctly 1`] = `
<Fragment>
  <h1>
    RealExampleRef
  </h1>
  <hr />
  <button
    className="btn btn-primary "
    onClick={[Function]}
  >
    show/hide
  </button>
</Fragment>
`;
