// Jest Snapshot v1, https://goo.gl/fbAQLP

exports[`Tests in <TodoListItem /> should render correctly 1`] = `
<li
  className="list-group-item"
>
  <p
    className="false"
    onClick={[Function]}
  >
    1
    . 
    aprender React JS
  </p>
  <button
    className="btn btn-danger"
    onClick={[Function]}
  >
    Borrar
  </button>
</li>
`;
