// Jest Snapshot v1, https://goo.gl/fbAQLP

exports[`Tests in <TodosList /> component should render correctly 1`] = `
<ol
  className="list-group list-group-flush"
>
  <TodoListItem
    handleDelete={[MockFunction]}
    handleToggle={[MockFunction]}
    index={0}
    key="1"
    todo={
      Object {
        "desc": "aprender React JS",
        "done": false,
        "id": 1,
      }
    }
  />
  <TodoListItem
    handleDelete={[MockFunction]}
    handleToggle={[MockFunction]}
    index={1}
    key="2"
    todo={
      Object {
        "desc": "aprender Mongo",
        "done": false,
        "id": 2,
      }
    }
  />
</ol>
`;
