// Jest Snapshot v1, https://goo.gl/fbAQLP

exports[`Tests in <TodoApp /> component it should renders correctly 1`] = `
<Fragment>
  <h1>
    TodoApp (
    0
    )
  </h1>
  <hr />
  <div
    className="row"
  >
    <div
      className="col-7"
    >
      <TodosList
        handleDelete={[Function]}
        handleToggle={[Function]}
        todos={Array []}
      />
    </div>
    <div
      className="col-5"
    >
      <TodoAdd
        handleAddTodo={[Function]}
      />
    </div>
  </div>
</Fragment>
`;
