// Jest Snapshot v1, https://goo.gl/fbAQLP

exports[`Tests in <HomeScreen /> Component It should renders correctly 1`] = `<HomeScreen />`;
